\BOOKMARK [0][-]{chapter*.1}{\376\377\000A\000c\000k\000n\000o\000w\000l\000e\000d\000g\000e\000m\000e\000n\000t\000s}{}% 1
\BOOKMARK [0][-]{chapter*.2}{\376\377\000C\000o\000n\000f\000l\000i\000c\000t\000\040\000o\000f\000\040\000I\000n\000t\000e\000r\000e\000s\000t\000\040\000S\000t\000a\000t\000e\000m\000e\000n\000t}{}% 2
\BOOKMARK [0][-]{chapter*.3}{\376\377\000E\000x\000t\000e\000n\000d\000e\000d\000\040\000A\000b\000s\000t\000r\000a\000c\000t}{}% 3
\BOOKMARK [0][-]{chapter*.4}{\376\377\000K\000e\000y\000w\000o\000r\000d\000s\000\040\000a\000n\000d\000\040\000U\000N\000E\000S\000C\000O\000\040\000C\000o\000d\000e\000s}{}% 4
\BOOKMARK [0][-]{section*.5}{\376\377\000T\000a\000b\000l\000e\000\040\000o\000f\000\040\000C\000o\000n\000t\000e\000n\000t\000s}{}% 5
\BOOKMARK [0][-]{section*.7}{\376\377\000L\000i\000s\000t\000\040\000o\000f\000\040\000F\000i\000g\000u\000r\000e\000s}{}% 6
\BOOKMARK [0][-]{section*.9}{\376\377\000L\000i\000s\000t\000\040\000o\000f\000\040\000T\000a\000b\000l\000e\000s}{}% 7
\BOOKMARK [0][-]{chapter*.11}{\376\377\000A\000b\000b\000r\000e\000v\000i\000a\000t\000i\000o\000n\000s\000\040\000a\000n\000d\000\040\000A\000c\000r\000o\000n\000y\000m\000s}{}% 8
\BOOKMARK [0][-]{chapter.1}{\376\377\000I\000n\000t\000r\000o\000d\000u\000c\000t\000i\000o\000n}{}% 9
\BOOKMARK [1][-]{section.1.1}{\376\377\000B\000a\000c\000k\000g\000r\000o\000u\000n\000d}{chapter.1}% 10
\BOOKMARK [1][-]{section.1.2}{\376\377\000M\000o\000t\000i\000v\000a\000t\000i\000o\000n}{chapter.1}% 11
\BOOKMARK [1][-]{section.1.3}{\376\377\000R\000e\000s\000e\000a\000r\000c\000h\000\040\000p\000r\000o\000b\000l\000e\000m}{chapter.1}% 12
\BOOKMARK [1][-]{section.1.4}{\376\377\000O\000b\000j\000e\000c\000t\000i\000v\000e\000s}{chapter.1}% 13
\BOOKMARK [1][-]{section.1.5}{\376\377\000R\000e\000s\000e\000a\000r\000c\000h\000\040\000q\000u\000e\000s\000t\000i\000o\000n\000s}{chapter.1}% 14
\BOOKMARK [1][-]{section.1.6}{\376\377\000S\000c\000o\000p\000e\000\040\000a\000n\000d\000\040\000d\000e\000l\000i\000m\000i\000t\000a\000t\000i\000o\000n\000s}{chapter.1}% 15
\BOOKMARK [1][-]{section.1.7}{\376\377\000C\000o\000n\000t\000r\000i\000b\000u\000t\000i\000o\000n\000s}{chapter.1}% 16
\BOOKMARK [1][-]{section.1.8}{\376\377\000S\000t\000r\000u\000c\000t\000u\000r\000e\000\040\000o\000f\000\040\000t\000h\000e\000\040\000t\000h\000e\000s\000i\000s}{chapter.1}% 17
\BOOKMARK [0][-]{chapter.2}{\376\377\000T\000h\000e\000o\000r\000e\000t\000i\000c\000a\000l\000\040\000F\000o\000u\000n\000d\000a\000t\000i\000o\000n\000s\000\040\000a\000n\000d\000\040\000L\000i\000t\000e\000r\000a\000t\000u\000r\000e\000\040\000R\000e\000v\000i\000e\000w}{}% 18
\BOOKMARK [1][-]{section.2.1}{\376\377\000W\000a\000r\000e\000h\000o\000u\000s\000e\000\040\000f\000u\000l\000f\000i\000l\000m\000e\000n\000t\000\040\000o\000p\000e\000r\000a\000t\000i\000o\000n\000s}{chapter.2}% 19
\BOOKMARK [2][-]{subsection.2.1.1}{\376\377\000T\000h\000e\000\040\000o\000p\000e\000r\000a\000t\000i\000o\000n\000a\000l\000\040\000c\000o\000n\000t\000e\000x\000t}{section.2.1}% 20
\BOOKMARK [2][-]{subsection.2.1.2}{\376\377\000W\000h\000a\000t\000\040\000e\000-\000c\000o\000m\000m\000e\000r\000c\000e\000\040\000c\000h\000a\000n\000g\000e\000d}{section.2.1}% 21
\BOOKMARK [2][-]{subsection.2.1.3}{\376\377\000O\000r\000d\000e\000r\000\040\000h\000e\000t\000e\000r\000o\000g\000e\000n\000e\000i\000t\000y\000\040\000a\000n\000d\000\040\000s\000t\000a\000g\000e\000-\000d\000i\000f\000f\000e\000r\000e\000n\000t\000i\000a\000t\000e\000d\000\040\000w\000o\000r\000k\000l\000o\000a\000d}{section.2.1}% 22
\BOOKMARK [1][-]{section.2.2}{\376\377\000C\000a\000p\000a\000c\000i\000t\000y\000\040\000a\000n\000d\000\040\000w\000o\000r\000k\000f\000o\000r\000c\000e\000\040\000p\000l\000a\000n\000n\000i\000n\000g}{chapter.2}% 23
\BOOKMARK [2][-]{subsection.2.2.1}{\376\377\000F\000r\000o\000m\000\040\000w\000o\000r\000k\000l\000o\000a\000d\000\040\000t\000o\000\040\000h\000e\000a\000d\000c\000o\000u\000n\000t}{section.2.2}% 24
\BOOKMARK [2][-]{subsection.2.2.2}{\376\377\000W\000o\000r\000k\000f\000o\000r\000c\000e\000\040\000p\000l\000a\000n\000n\000i\000n\000g\000\040\000s\000p\000e\000c\000i\000f\000i\000c\000a\000l\000l\000y}{section.2.2}% 25
\BOOKMARK [1][-]{section.2.3}{\376\377\000S\000e\000q\000u\000e\000n\000c\000i\000n\000g\000,\000\040\000p\000r\000i\000o\000r\000i\000t\000y\000\040\000a\000n\000d\000\040\000d\000i\000f\000f\000e\000r\000e\000n\000t\000i\000a\000t\000e\000d\000\040\000s\000e\000r\000v\000i\000c\000e}{chapter.2}% 26
\BOOKMARK [2][-]{subsection.2.3.1}{\376\377\000D\000i\000s\000p\000a\000t\000c\000h\000i\000n\000g\000\040\000r\000u\000l\000e\000s}{section.2.3}% 27
\BOOKMARK [2][-]{subsection.2.3.2}{\376\377\000P\000r\000i\000o\000r\000i\000t\000y\000\040\000q\000u\000e\000u\000e\000s\000\040\000a\000n\000d\000\040\000m\000u\000l\000t\000i\000-\000c\000l\000a\000s\000s\000\040\000s\000e\000r\000v\000i\000c\000e}{section.2.3}% 28
\BOOKMARK [2][-]{subsection.2.3.3}{\376\377\000D\000i\000f\000f\000e\000r\000e\000n\000t\000i\000a\000t\000e\000d\000\040\000s\000e\000r\000v\000i\000c\000e\000\040\000l\000e\000v\000e\000l\000s}{section.2.3}% 29
\BOOKMARK [1][-]{section.2.4}{\376\377\000D\000i\000s\000c\000r\000e\000t\000e\000-\000e\000v\000e\000n\000t\000\040\000s\000i\000m\000u\000l\000a\000t\000i\000o\000n}{chapter.2}% 30
\BOOKMARK [2][-]{subsection.2.4.1}{\376\377\000W\000h\000y\000\040\000t\000h\000e\000\040\000m\000e\000t\000h\000o\000d\000\040\000f\000i\000t\000s\000\040\000t\000h\000e\000\040\000p\000r\000o\000b\000l\000e\000m}{section.2.4}% 31
\BOOKMARK [2][-]{subsection.2.4.2}{\376\377\000M\000o\000d\000e\000l\000\040\000c\000r\000e\000d\000i\000b\000i\000l\000i\000t\000y}{section.2.4}% 32
\BOOKMARK [1][-]{section.2.5}{\376\377\000S\000i\000m\000u\000l\000a\000t\000i\000o\000n\000\040\000e\000x\000p\000e\000r\000i\000m\000e\000n\000t\000a\000t\000i\000o\000n}{chapter.2}% 33
\BOOKMARK [1][-]{section.2.6}{\376\377\000R\000e\000i\000n\000f\000o\000r\000c\000e\000m\000e\000n\000t\000\040\000l\000e\000a\000r\000n\000i\000n\000g\000\040\000f\000o\000r\000\040\000o\000p\000e\000r\000a\000t\000i\000o\000n\000a\000l\000\040\000c\000o\000n\000t\000r\000o\000l}{chapter.2}% 34
\BOOKMARK [2][-]{subsection.2.6.1}{\376\377\000F\000o\000u\000n\000d\000a\000t\000i\000o\000n\000s}{section.2.6}% 35
\BOOKMARK [2][-]{subsection.2.6.2}{\376\377\000A\000p\000p\000l\000i\000c\000a\000t\000i\000o\000n\000\040\000t\000o\000\040\000s\000c\000h\000e\000d\000u\000l\000i\000n\000g\000\040\000a\000n\000d\000\040\000o\000p\000e\000r\000a\000t\000i\000o\000n\000s}{section.2.6}% 36
\BOOKMARK [1][-]{section.2.7}{\376\377\000D\000e\000c\000i\000s\000i\000o\000n\000\040\000s\000u\000p\000p\000o\000r\000t\000\040\000a\000n\000d\000\040\000e\000x\000p\000l\000a\000i\000n\000a\000b\000i\000l\000i\000t\000y}{chapter.2}% 37
\BOOKMARK [1][-]{section.2.8}{\376\377\000P\000o\000s\000i\000t\000i\000o\000n\000i\000n\000g\000\040\000o\000f\000\040\000t\000h\000i\000s\000\040\000t\000h\000e\000s\000i\000s}{chapter.2}% 38
\BOOKMARK [0][-]{chapter.3}{\376\377\000P\000r\000o\000b\000l\000e\000m\000\040\000F\000o\000r\000m\000u\000l\000a\000t\000i\000o\000n\000\040\000a\000n\000d\000\040\000D\000e\000c\000i\000s\000i\000o\000n\000-\000S\000u\000p\000p\000o\000r\000t\000\040\000F\000r\000a\000m\000e\000w\000o\000r\000k}{}% 39
\BOOKMARK [1][-]{section.3.1}{\376\377\000T\000h\000e\000\040\000s\000y\000s\000t\000e\000m\000\040\000u\000n\000d\000e\000r\000\040\000s\000t\000u\000d\000y}{chapter.3}% 40
\BOOKMARK [1][-]{section.3.2}{\376\377\000T\000h\000e\000\040\000d\000e\000c\000i\000s\000i\000o\000n\000\040\000p\000r\000o\000b\000l\000e\000m}{chapter.3}% 41
\BOOKMARK [2][-]{subsection.3.2.1}{\376\377\000N\000o\000t\000a\000t\000i\000o\000n}{section.3.2}% 42
\BOOKMARK [2][-]{subsection.3.2.2}{\376\377\000S\000t\000a\000t\000e\000m\000e\000n\000t\000\040\000o\000f\000\040\000t\000h\000e\000\040\000p\000r\000o\000b\000l\000e\000m}{section.3.2}% 43
\BOOKMARK [2][-]{subsection.3.2.3}{\376\377\000W\000h\000y\000\040\000t\000h\000e\000\040\000t\000w\000o\000\040\000d\000e\000c\000i\000s\000i\000o\000n\000s\000\040\000c\000a\000n\000n\000o\000t\000\040\000b\000e\000\040\000s\000e\000p\000a\000r\000a\000t\000e\000d}{section.3.2}% 44
\BOOKMARK [2][-]{subsection.3.2.4}{\376\377\000A\000\040\000w\000o\000r\000k\000e\000d\000\040\000e\000x\000a\000m\000p\000l\000e\000\040\000o\000f\000\040\000t\000h\000e\000\040\000p\000l\000a\000n\000n\000i\000n\000g\000\040\000u\000n\000i\000t}{section.3.2}% 45
\BOOKMARK [2][-]{subsection.3.2.5}{\376\377\000W\000h\000a\000t\000\040\000t\000h\000e\000\040\000f\000o\000r\000m\000u\000l\000a\000t\000i\000o\000n\000\040\000d\000e\000l\000i\000b\000e\000r\000a\000t\000e\000l\000y\000\040\000e\000x\000c\000l\000u\000d\000e\000s}{section.3.2}% 46
\BOOKMARK [1][-]{section.3.3}{\376\377\000F\000r\000a\000m\000e\000w\000o\000r\000k\000\040\000a\000r\000c\000h\000i\000t\000e\000c\000t\000u\000r\000e}{chapter.3}% 47
\BOOKMARK [1][-]{section.3.4}{\376\377\000D\000e\000s\000i\000g\000n\000\040\000p\000r\000i\000n\000c\000i\000p\000l\000e\000s}{chapter.3}% 48
\BOOKMARK [1][-]{section.3.5}{\376\377\000T\000h\000e\000\040\000t\000w\000o\000\040\000w\000o\000r\000k\000f\000l\000o\000w\000s}{chapter.3}% 49
\BOOKMARK [2][-]{subsection.3.5.1}{\376\377\000R\000e\000t\000r\000o\000s\000p\000e\000c\000t\000i\000v\000e\000\040\000a\000n\000a\000l\000y\000s\000i\000s}{section.3.5}% 50
\BOOKMARK [2][-]{subsection.3.5.2}{\376\377\000F\000o\000r\000e\000c\000a\000s\000t\000-\000b\000a\000s\000e\000d\000\040\000p\000l\000a\000n\000n\000i\000n\000g}{section.3.5}% 51
\BOOKMARK [2][-]{subsection.3.5.3}{\376\377\000W\000h\000a\000t\000\040\000e\000a\000c\000h\000\040\000w\000o\000r\000k\000f\000l\000o\000w\000\040\000m\000a\000y\000\040\000a\000n\000d\000\040\000m\000a\000y\000\040\000n\000o\000t\000\040\000b\000e\000\040\000c\000l\000a\000i\000m\000e\000d\000\040\000t\000o\000\040\000d\000o}{section.3.5}% 52
\BOOKMARK [0][-]{chapter.4}{\376\377\000M\000e\000t\000h\000o\000d\000o\000l\000o\000g\000y}{}% 53
\BOOKMARK [1][-]{section.4.1}{\376\377\000D\000a\000t\000a\000\040\000a\000n\000d\000\040\000p\000r\000o\000v\000e\000n\000a\000n\000c\000e}{chapter.4}% 54
\BOOKMARK [2][-]{subsection.4.1.1}{\376\377\000W\000h\000a\000t\000\040\000t\000h\000e\000\040\000f\000r\000a\000m\000e\000w\000o\000r\000k\000\040\000c\000o\000n\000s\000u\000m\000e\000s\000\040\000a\000n\000d\000\040\000w\000h\000a\000t\000\040\000t\000h\000e\000s\000e\000\040\000e\000x\000p\000e\000r\000i\000m\000e\000n\000t\000s\000\040\000u\000s\000e\000d}{section.4.1}% 55
\BOOKMARK [2][-]{subsection.4.1.2}{\376\377\000D\000e\000m\000a\000n\000d\000\040\000s\000t\000r\000u\000c\000t\000u\000r\000e}{section.4.1}% 56
\BOOKMARK [1][-]{section.4.2}{\376\377\000O\000r\000d\000e\000r\000\040\000h\000e\000t\000e\000r\000o\000g\000e\000n\000e\000i\000t\000y\000\040\000a\000n\000d\000\040\000t\000h\000e\000\040\000w\000o\000r\000k\000l\000o\000a\000d\000\040\000m\000o\000d\000e\000l}{chapter.4}% 57
\BOOKMARK [2][-]{subsection.4.2.1}{\376\377\000S\000e\000r\000v\000i\000c\000e\000\040\000t\000i\000m\000e\000s}{section.4.2}% 58
\BOOKMARK [1][-]{section.4.3}{\376\377\000T\000h\000e\000\040\000o\000p\000e\000r\000a\000t\000i\000n\000g\000-\000t\000i\000m\000e\000\040\000a\000b\000s\000t\000r\000a\000c\000t\000i\000o\000n}{chapter.4}% 59
\BOOKMARK [2][-]{subsection.4.3.1}{\376\377\000T\000h\000e\000\040\000p\000r\000o\000b\000l\000e\000m\000\040\000i\000t\000\040\000s\000o\000l\000v\000e\000s}{section.4.3}% 60
\BOOKMARK [2][-]{subsection.4.3.2}{\376\377\000H\000o\000w\000\040\000c\000a\000l\000e\000n\000d\000a\000r\000\040\000d\000e\000m\000a\000n\000d\000\040\000i\000s\000\040\000m\000a\000p\000p\000e\000d\000\040\000o\000n\000t\000o\000\040\000i\000t}{section.4.3}% 61
\BOOKMARK [2][-]{subsection.4.3.3}{\376\377\000C\000o\000n\000s\000e\000q\000u\000e\000n\000c\000e\000s\000\040\000f\000o\000r\000\040\000t\000h\000e\000\040\000s\000e\000r\000v\000i\000c\000e\000-\000l\000e\000v\000e\000l\000\040\000c\000l\000o\000c\000k}{section.4.3}% 62
\BOOKMARK [2][-]{subsection.4.3.4}{\376\377\000T\000h\000e\000\040\000f\000i\000n\000i\000t\000e\000\040\000h\000o\000r\000i\000z\000o\000n\000\040\000a\000n\000d\000\040\000b\000a\000c\000k\000l\000o\000g}{section.4.3}% 63
\BOOKMARK [1][-]{section.4.4}{\376\377\000T\000h\000e\000\040\000d\000i\000s\000c\000r\000e\000t\000e\000-\000e\000v\000e\000n\000t\000\040\000s\000i\000m\000u\000l\000a\000t\000i\000o\000n\000\040\000e\000n\000g\000i\000n\000e}{chapter.4}% 64
\BOOKMARK [2][-]{subsection.4.4.1}{\376\377\000W\000h\000y\000\040\000d\000i\000s\000c\000r\000e\000t\000e\000-\000e\000v\000e\000n\000t\000\040\000s\000i\000m\000u\000l\000a\000t\000i\000o\000n}{section.4.4}% 65
\BOOKMARK [2][-]{subsection.4.4.2}{\376\377\000M\000o\000d\000e\000l\000\040\000s\000t\000r\000u\000c\000t\000u\000r\000e}{section.4.4}% 66
\BOOKMARK [1][-]{section.4.5}{\376\377\000T\000h\000e\000\040\000s\000e\000q\000u\000e\000n\000c\000i\000n\000g\000\040\000p\000o\000l\000i\000c\000i\000e\000s\000\040\000a\000s\000\040\000i\000m\000p\000l\000e\000m\000e\000n\000t\000e\000d}{chapter.4}% 67
\BOOKMARK [2][-]{subsection.4.5.1}{\376\377\000F\000I\000F\000O}{section.4.5}% 68
\BOOKMARK [2][-]{subsection.4.5.2}{\376\377\000U\000r\000g\000e\000n\000t\000-\000F\000i\000r\000s\000t}{section.4.5}% 69
\BOOKMARK [2][-]{subsection.4.5.3}{\376\377\000R\000L\000-\0003}{section.4.5}% 70
\BOOKMARK [1][-]{section.4.6}{\376\377\000A\000n\000a\000l\000y\000t\000i\000c\000a\000l\000\040\000c\000a\000p\000a\000c\000i\000t\000y\000\040\000e\000s\000t\000i\000m\000a\000t\000e}{chapter.4}% 71
\BOOKMARK [1][-]{section.4.7}{\376\377\000D\000y\000n\000a\000m\000i\000c\000\040\000c\000a\000n\000d\000i\000d\000a\000t\000e\000\040\000g\000e\000n\000e\000r\000a\000t\000i\000o\000n}{chapter.4}% 72
\BOOKMARK [1][-]{section.4.8}{\376\377\000S\000e\000r\000v\000i\000c\000e\000-\000l\000e\000v\000e\000l\000\040\000f\000e\000a\000s\000i\000b\000i\000l\000i\000t\000y}{chapter.4}% 73
\BOOKMARK [2][-]{subsection.4.8.1}{\376\377\000T\000h\000e\000\040\000r\000e\000c\000o\000m\000m\000e\000n\000d\000a\000t\000i\000o\000n\000\040\000r\000u\000l\000e\000\040\000a\000s\000\040\000i\000m\000p\000l\000e\000m\000e\000n\000t\000e\000d}{section.4.8}% 74
\BOOKMARK [1][-]{section.4.9}{\376\377\000E\000c\000o\000n\000o\000m\000i\000c\000\040\000m\000o\000d\000e\000l}{chapter.4}% 75
\BOOKMARK [1][-]{section.4.10}{\376\377\000S\000t\000a\000g\000e\000\040\000P\000r\000e\000s\000s\000u\000r\000e\000:\000\040\000t\000h\000e\000\040\000b\000o\000t\000t\000l\000e\000n\000e\000c\000k\000\040\000d\000i\000a\000g\000n\000o\000s\000t\000i\000c}{chapter.4}% 76
\BOOKMARK [2][-]{subsection.4.10.1}{\376\377\000W\000h\000y\000\040\000t\000h\000e\000s\000e\000\040\000f\000o\000u\000r\000\040\000s\000i\000g\000n\000a\000l\000s\000,\000\040\000a\000n\000d\000\040\000w\000h\000y\000\040\000t\000h\000e\000s\000e\000\040\000w\000e\000i\000g\000h\000t\000s}{section.4.10}% 77
\BOOKMARK [1][-]{section.4.11}{\376\377\000A\000d\000a\000p\000t\000i\000v\000e\000\040\000c\000a\000p\000a\000c\000i\000t\000y\000\040\000s\000e\000a\000r\000c\000h}{chapter.4}% 78
\BOOKMARK [1][-]{section.4.12}{\376\377\000E\000x\000p\000e\000r\000i\000m\000e\000n\000t\000a\000l\000\040\000d\000e\000s\000i\000g\000n}{chapter.4}% 79
\BOOKMARK [2][-]{subsection.4.12.1}{\376\377\000C\000o\000m\000m\000o\000n\000\040\000r\000a\000n\000d\000o\000m\000\040\000n\000u\000m\000b\000e\000r\000s}{section.4.12}% 80
\BOOKMARK [2][-]{subsection.4.12.2}{\376\377\000T\000h\000e\000\040\000t\000w\000o\000\040\000w\000o\000r\000k\000f\000l\000o\000w\000s}{section.4.12}% 81
\BOOKMARK [2][-]{subsection.4.12.3}{\376\377\000F\000o\000r\000e\000c\000a\000s\000t\000\040\000s\000c\000e\000n\000a\000r\000i\000o\000\040\000g\000e\000n\000e\000r\000a\000t\000i\000o\000n\000\040\000a\000n\000d\000\040\000u\000n\000c\000e\000r\000t\000a\000i\000n\000t\000y}{section.4.12}% 82
\BOOKMARK [1][-]{section.4.13}{\376\377\000V\000e\000r\000i\000f\000i\000c\000a\000t\000i\000o\000n\000\040\000a\000n\000d\000\040\000v\000a\000l\000i\000d\000a\000t\000i\000o\000n}{chapter.4}% 83
\BOOKMARK [1][-]{section.4.14}{\376\377\000M\000e\000t\000h\000o\000d\000o\000l\000o\000g\000i\000c\000a\000l\000\040\000l\000i\000m\000i\000t\000a\000t\000i\000o\000n\000s}{chapter.4}% 84
\BOOKMARK [0][-]{chapter.5}{\376\377\000R\000e\000s\000u\000l\000t\000s}{}% 85
\BOOKMARK [1][-]{section.5.1}{\376\377\000D\000e\000m\000a\000n\000d\000\040\000a\000n\000d\000\040\000w\000o\000r\000k\000l\000o\000a\000d\000\040\000c\000h\000a\000r\000a\000c\000t\000e\000r\000i\000s\000t\000i\000c\000s}{chapter.5}% 86
\BOOKMARK [1][-]{section.5.2}{\376\377\000C\000a\000p\000a\000c\000i\000t\000y\000\040\000p\000l\000a\000n\000n\000i\000n\000g\000:\000\040\000a\000n\000a\000l\000y\000t\000i\000c\000a\000l\000\040\000e\000s\000t\000i\000m\000a\000t\000e\000\040\000a\000g\000a\000i\000n\000s\000t\000\040\000s\000i\000m\000u\000l\000a\000t\000i\000o\000n\000\040\000\050\000R\000Q\0001\000\051}{chapter.5}% 87
\BOOKMARK [2][-]{subsection.5.2.1}{\376\377\000T\000h\000e\000\040\000r\000e\000c\000o\000m\000m\000e\000n\000d\000a\000t\000i\000o\000n\000s}{section.5.2}% 88
\BOOKMARK [2][-]{subsection.5.2.2}{\376\377\000T\000h\000e\000\040\000a\000n\000a\000l\000y\000t\000i\000c\000a\000l\000\040\000e\000s\000t\000i\000m\000a\000t\000e\000\040\000s\000y\000s\000t\000e\000m\000a\000t\000i\000c\000a\000l\000l\000y\000\040\000o\000v\000e\000r\000-\000s\000i\000z\000e\000s\000\040\000t\000h\000e\000\040\000w\000o\000r\000k\000f\000o\000r\000c\000e}{section.5.2}% 89
\BOOKMARK [2][-]{subsection.5.2.3}{\376\377\000W\000h\000e\000r\000e\000\040\000t\000h\000e\000\040\000o\000v\000e\000r\000-\000e\000s\000t\000i\000m\000a\000t\000i\000o\000n\000\040\000f\000a\000l\000l\000s}{section.5.2}% 90
\BOOKMARK [1][-]{section.5.3}{\376\377\000S\000e\000q\000u\000e\000n\000c\000i\000n\000g\000\040\000p\000o\000l\000i\000c\000i\000e\000s\000\040\000\050\000R\000Q\0002\000\051}{chapter.5}% 91
\BOOKMARK [2][-]{subsection.5.3.1}{\376\377\000F\000e\000a\000s\000i\000b\000i\000l\000i\000t\000y}{section.5.3}% 92
\BOOKMARK [2][-]{subsection.5.3.2}{\376\377\000T\000h\000e\000\040\000c\000l\000a\000s\000s\000-\000l\000e\000v\000e\000l\000\040\000t\000r\000a\000d\000e\000-\000o\000f\000f}{section.5.3}% 93
\BOOKMARK [2][-]{subsection.5.3.3}{\376\377\000T\000h\000r\000e\000e\000\040\000r\000e\000p\000r\000e\000s\000e\000n\000t\000a\000t\000i\000v\000e\000\040\000c\000a\000p\000a\000c\000i\000t\000y\000\040\000r\000e\000g\000i\000m\000e\000s}{section.5.3}% 94
\BOOKMARK [2][-]{subsection.5.3.4}{\376\377\000T\000h\000e\000\040\000s\000y\000s\000t\000e\000m\000a\000t\000i\000c\000\040\000c\000o\000m\000p\000a\000r\000i\000s\000o\000n\000\040\000o\000v\000e\000r\000\040\000a\000l\000l\000\040\000m\000a\000t\000c\000h\000e\000d\000\040\000c\000o\000n\000f\000i\000g\000u\000r\000a\000t\000i\000o\000n\000s}{section.5.3}% 95
\BOOKMARK [2][-]{subsection.5.3.5}{\376\377\000P\000o\000l\000i\000c\000y\000\040\000d\000i\000v\000e\000r\000g\000e\000n\000c\000e\000\040\000i\000n\000c\000r\000e\000a\000s\000e\000s\000\040\000w\000i\000t\000h\000\040\000c\000a\000p\000a\000c\000i\000t\000y\000\040\000p\000r\000e\000s\000s\000u\000r\000e}{section.5.3}% 96
\BOOKMARK [2][-]{subsection.5.3.6}{\376\377\000H\000o\000w\000\040\000m\000u\000c\000h\000\040\000w\000o\000r\000k\000f\000o\000r\000c\000e\000\040\000e\000a\000c\000h\000\040\000p\000o\000l\000i\000c\000y\000\040\000n\000e\000e\000d\000s\000\040\000t\000o\000\040\000b\000e\000c\000o\000m\000e\000\040\000f\000e\000a\000s\000i\000b\000l\000e}{section.5.3}% 97
\BOOKMARK [2][-]{subsection.5.3.7}{\376\377\000W\000h\000e\000r\000e\000\040\000t\000h\000e\000\040\000c\000o\000s\000t\000\040\000d\000i\000f\000f\000e\000r\000e\000n\000c\000e\000\040\000a\000c\000t\000u\000a\000l\000l\000y\000\040\000c\000o\000m\000e\000s\000\040\000f\000r\000o\000m}{section.5.3}% 98
\BOOKMARK [2][-]{subsection.5.3.8}{\376\377\000B\000a\000c\000k\000l\000o\000g\000\040\000i\000s\000\040\000n\000e\000a\000r\000l\000y\000\040\000i\000n\000v\000a\000r\000i\000a\000n\000t\000\040\000t\000o\000\040\000p\000o\000l\000i\000c\000y}{section.5.3}% 99
\BOOKMARK [2][-]{subsection.5.3.9}{\376\377\000W\000h\000i\000c\000h\000\040\000p\000o\000l\000i\000c\000y\000\040\000i\000s\000\040\000s\000e\000l\000e\000c\000t\000e\000d}{section.5.3}% 100
\BOOKMARK [1][-]{section.5.4}{\376\377\000B\000o\000t\000t\000l\000e\000n\000e\000c\000k\000\040\000d\000i\000a\000g\000n\000o\000s\000i\000s\000\040\000a\000n\000d\000\040\000t\000h\000e\000\040\000m\000a\000r\000g\000i\000n\000a\000l\000\040\000F\000T\000E\000\040\000\050\000R\000Q\0003\000\051}{chapter.5}% 101
\BOOKMARK [2][-]{subsection.5.4.1}{\376\377\000W\000h\000e\000r\000e\000\040\000p\000r\000e\000s\000s\000u\000r\000e\000\040\000c\000o\000n\000c\000e\000n\000t\000r\000a\000t\000e\000s}{section.5.4}% 102
\BOOKMARK [2][-]{subsection.5.4.2}{\376\377\000T\000h\000e\000\040\000m\000o\000s\000t\000-\000u\000t\000i\000l\000i\000s\000e\000d\000\040\000s\000t\000a\000g\000e\000\040\000i\000s\000\040\000n\000o\000t\000\040\000a\000l\000w\000a\000y\000s\000\040\000t\000h\000e\000\040\000i\000d\000e\000n\000t\000i\000f\000i\000e\000d\000\040\000b\000o\000t\000t\000l\000e\000n\000e\000c\000k}{section.5.4}% 103
\BOOKMARK [2][-]{subsection.5.4.3}{\376\377\000A\000\040\000b\000o\000t\000t\000l\000e\000n\000e\000c\000k\000\040\000i\000s\000\040\000n\000o\000t\000\040\000a\000\040\000h\000i\000r\000i\000n\000g\000\040\000i\000n\000s\000t\000r\000u\000c\000t\000i\000o\000n}{section.5.4}% 104
\BOOKMARK [1][-]{section.5.5}{\376\377\000F\000o\000r\000e\000c\000a\000s\000t\000-\000b\000a\000s\000e\000d\000\040\000p\000l\000a\000n\000n\000i\000n\000g\000\040\000\050\000R\000Q\0004\000\051}{chapter.5}% 105
\BOOKMARK [2][-]{subsection.5.5.1}{\376\377\000T\000h\000e\000\040\000s\000c\000r\000e\000e\000n\000i\000n\000g\000\040\000a\000n\000d\000\040\000v\000a\000l\000i\000d\000a\000t\000i\000o\000n\000\040\000d\000e\000s\000i\000g\000n}{section.5.5}% 106
\BOOKMARK [2][-]{subsection.5.5.2}{\376\377\000S\000t\000a\000g\000e\000-\000d\000i\000f\000f\000e\000r\000e\000n\000t\000i\000a\000t\000e\000d\000\040\000b\000e\000h\000a\000v\000i\000o\000u\000r\000\040\000o\000f\000\040\000t\000h\000e\000\040\000l\000e\000a\000r\000n\000e\000d\000\040\000p\000o\000l\000i\000c\000y}{section.5.5}% 107
\BOOKMARK [2][-]{subsection.5.5.3}{\376\377\000C\000o\000m\000p\000a\000r\000a\000b\000i\000l\000i\000t\000y\000\040\000b\000e\000t\000w\000e\000e\000n\000\040\000t\000h\000e\000\040\000t\000w\000o\000\040\000r\000u\000n\000s}{section.5.5}% 108
\BOOKMARK [1][-]{section.5.6}{\376\377\000T\000h\000e\000\040\000a\000n\000n\000u\000a\000l\000\040\000v\000i\000e\000w}{chapter.5}% 109
\BOOKMARK [2][-]{subsection.5.6.1}{\376\377\000T\000h\000r\000e\000e\000\040\000s\000e\000a\000s\000o\000n\000s\000,\000\040\000t\000h\000r\000e\000e\000\040\000d\000i\000f\000f\000e\000r\000e\000n\000t\000\040\000p\000r\000o\000b\000l\000e\000m\000s}{section.5.6}% 110
\BOOKMARK [2][-]{subsection.5.6.2}{\376\377\000T\000h\000e\000\040\000r\000e\000c\000o\000m\000m\000e\000n\000d\000a\000t\000i\000o\000n\000\040\000i\000s\000\040\000n\000o\000t\000\040\000a\000\040\000s\000m\000o\000o\000t\000h\000\040\000f\000u\000n\000c\000t\000i\000o\000n\000\040\000o\000f\000\040\000v\000o\000l\000u\000m\000e}{section.5.6}% 111
\BOOKMARK [2][-]{subsection.5.6.3}{\376\377\000C\000o\000n\000s\000i\000s\000t\000e\000n\000c\000y\000\040\000o\000f\000\040\000t\000h\000e\000\040\000q\000u\000a\000l\000i\000t\000a\000t\000i\000v\000e\000\040\000f\000i\000n\000d\000i\000n\000g\000s}{section.5.6}% 112
\BOOKMARK [1][-]{section.5.7}{\376\377\000S\000u\000m\000m\000a\000r\000y\000\040\000o\000f\000\040\000o\000b\000s\000e\000r\000v\000a\000t\000i\000o\000n\000s}{chapter.5}% 113
\BOOKMARK [0][-]{chapter.6}{\376\377\000D\000i\000s\000c\000u\000s\000s\000i\000o\000n}{}% 114
\BOOKMARK [1][-]{section.6.1}{\376\377\000W\000h\000a\000t\000\040\000s\000i\000m\000u\000l\000a\000t\000i\000o\000n\000\040\000a\000d\000d\000s\000\040\000t\000o\000\040\000c\000a\000p\000a\000c\000i\000t\000y\000\040\000p\000l\000a\000n\000n\000i\000n\000g\000\040\000\050\000R\000Q\0001\000\051}{chapter.6}% 115
\BOOKMARK [1][-]{section.6.2}{\376\377\000S\000e\000q\000u\000e\000n\000c\000i\000n\000g\000\040\000p\000o\000l\000i\000c\000y\000\040\000a\000n\000d\000\040\000d\000i\000f\000f\000e\000r\000e\000n\000t\000i\000a\000t\000e\000d\000\040\000s\000e\000r\000v\000i\000c\000e\000\040\000\050\000R\000Q\0002\000\051}{chapter.6}% 116
\BOOKMARK [2][-]{subsection.6.2.1}{\376\377\000P\000o\000l\000i\000c\000y\000\040\000v\000a\000l\000u\000e\000\040\000i\000s\000\040\000c\000o\000n\000d\000i\000t\000i\000o\000n\000a\000l\000\040\000o\000n\000\040\000t\000h\000e\000\040\000c\000a\000p\000a\000c\000i\000t\000y\000\040\000r\000e\000g\000i\000m\000e}{section.6.2}% 117
\BOOKMARK [2][-]{subsection.6.2.2}{\376\377\000W\000h\000y\000\040\000F\000I\000F\000O\000\040\000f\000a\000i\000l\000s\000,\000\040\000a\000n\000d\000\040\000w\000h\000y\000\040\000c\000a\000p\000a\000c\000i\000t\000y\000\040\000d\000i\000d\000\040\000n\000o\000t\000\040\000r\000e\000s\000c\000u\000e\000\040\000i\000t\000\040\000i\000n\000\040\000t\000h\000e\000\040\000e\000v\000a\000l\000u\000a\000t\000e\000d\000\040\000r\000a\000n\000g\000e}{section.6.2}% 118
\BOOKMARK [2][-]{subsection.6.2.3}{\376\377\000W\000h\000a\000t\000\040\000t\000h\000e\000\040\000l\000e\000a\000r\000n\000e\000d\000\040\000p\000o\000l\000i\000c\000y\000\040\000a\000c\000t\000u\000a\000l\000l\000y\000\040\000c\000o\000n\000t\000r\000i\000b\000u\000t\000e\000s}{section.6.2}% 119
\BOOKMARK [2][-]{subsection.6.2.4}{\376\377\000W\000h\000e\000r\000e\000\040\000t\000h\000e\000\040\000l\000e\000a\000r\000n\000e\000d\000\040\000p\000o\000l\000i\000c\000y\000\040\000f\000a\000i\000l\000s\000,\000\040\000a\000n\000d\000\040\000w\000h\000y\000\040\000i\000t\000\040\000m\000a\000t\000t\000e\000r\000s\000\040\000l\000e\000s\000s\000\040\000t\000h\000a\000n\000\040\000i\000t\000\040\000a\000p\000p\000e\000a\000r\000s}{section.6.2}% 120
\BOOKMARK [2][-]{subsection.6.2.5}{\376\377\000T\000h\000e\000\040\000U\000r\000g\000e\000n\000t\000-\000F\000i\000r\000s\000t\000\040\000i\000m\000p\000l\000e\000m\000e\000n\000t\000a\000t\000i\000o\000n\000\040\000a\000n\000d\000\040\000i\000t\000s\000\040\000w\000i\000t\000h\000i\000n\000-\000c\000l\000a\000s\000s\000\040\000o\000r\000d\000e\000r\000i\000n\000g}{section.6.2}% 121
\BOOKMARK [1][-]{section.6.3}{\376\377\000E\000x\000p\000l\000a\000i\000n\000a\000b\000i\000l\000i\000t\000y\000\040\000a\000n\000d\000\040\000t\000h\000e\000\040\000m\000a\000r\000g\000i\000n\000a\000l\000\040\000F\000T\000E\000\040\000\050\000R\000Q\0003\000\051}{chapter.6}% 122
\BOOKMARK [2][-]{subsection.6.3.1}{\376\377\000O\000n\000e\000\040\000s\000t\000a\000g\000e\000\040\000d\000o\000m\000i\000n\000a\000t\000e\000s}{section.6.3}% 123
\BOOKMARK [2][-]{subsection.6.3.2}{\376\377\000D\000i\000a\000g\000n\000o\000s\000i\000s\000\040\000i\000s\000\040\000n\000o\000t\000\040\000p\000r\000e\000s\000c\000r\000i\000p\000t\000i\000o\000n}{section.6.3}% 124
\BOOKMARK [1][-]{section.6.4}{\376\377\000T\000w\000o\000\040\000w\000o\000r\000k\000f\000l\000o\000w\000s\000,\000\040\000t\000w\000o\000\040\000k\000i\000n\000d\000s\000\040\000o\000f\000\040\000a\000n\000s\000w\000e\000r\000\040\000\050\000R\000Q\0004\000\051}{chapter.6}% 125
\BOOKMARK [1][-]{section.6.5}{\376\377\000R\000e\000l\000a\000t\000i\000o\000n\000\040\000t\000o\000\040\000t\000h\000e\000\040\000l\000i\000t\000e\000r\000a\000t\000u\000r\000e}{chapter.6}% 126
\BOOKMARK [1][-]{section.6.6}{\376\377\000M\000a\000n\000a\000g\000e\000r\000i\000a\000l\000\040\000i\000m\000p\000l\000i\000c\000a\000t\000i\000o\000n\000s}{chapter.6}% 127
\BOOKMARK [2][-]{subsection.6.6.1}{\376\377\000U\000s\000i\000n\000g\000\040\000t\000h\000e\000\040\000p\000r\000e\000s\000s\000u\000r\000e\000\040\000b\000a\000n\000d\000s\000\040\000a\000s\000\040\000a\000\040\000s\000c\000r\000e\000e\000n\000i\000n\000g\000\040\000t\000e\000s\000t}{section.6.6}% 128
\BOOKMARK [2][-]{subsection.6.6.2}{\376\377\000W\000h\000a\000t\000\040\000t\000h\000e\000\040\000f\000r\000a\000m\000e\000w\000o\000r\000k\000\040\000d\000o\000e\000s\000\040\000n\000o\000t\000\040\000t\000e\000l\000l\000\040\000a\000\040\000m\000a\000n\000a\000g\000e\000r}{section.6.6}% 129
\BOOKMARK [1][-]{section.6.7}{\376\377\000E\000x\000t\000e\000r\000n\000a\000l\000\040\000v\000a\000l\000i\000d\000i\000t\000y}{chapter.6}% 130
\BOOKMARK [1][-]{section.6.8}{\376\377\000L\000i\000m\000i\000t\000a\000t\000i\000o\000n\000s}{chapter.6}% 131
\BOOKMARK [0][-]{chapter.7}{\376\377\000C\000o\000n\000c\000l\000u\000s\000i\000o\000n\000s\000,\000\040\000C\000o\000n\000t\000r\000i\000b\000u\000t\000i\000o\000n\000s\000\040\000a\000n\000d\000\040\000I\000m\000p\000l\000i\000c\000a\000t\000i\000o\000n\000s}{}% 132
\BOOKMARK [1][-]{section.7.1}{\376\377\000A\000n\000s\000w\000e\000r\000s\000\040\000t\000o\000\040\000t\000h\000e\000\040\000r\000e\000s\000e\000a\000r\000c\000h\000\040\000q\000u\000e\000s\000t\000i\000o\000n\000s}{chapter.7}% 133
\BOOKMARK [1][-]{section.7.2}{\376\377\000C\000o\000n\000t\000r\000i\000b\000u\000t\000i\000o\000n\000s}{chapter.7}% 134
\BOOKMARK [1][-]{section.7.3}{\376\377\000I\000m\000p\000l\000i\000c\000a\000t\000i\000o\000n\000s}{chapter.7}% 135
\BOOKMARK [1][-]{section.7.4}{\376\377\000F\000u\000t\000u\000r\000e\000\040\000w\000o\000r\000k}{chapter.7}% 136
\BOOKMARK [1][-]{section.7.5}{\376\377\000C\000l\000o\000s\000i\000n\000g\000\040\000r\000e\000m\000a\000r\000k\000s}{chapter.7}% 137
\BOOKMARK [0][-]{section*.45}{\376\377\000R\000e\000f\000e\000r\000e\000n\000c\000e\000s}{}% 138
\BOOKMARK [0][-]{appendix.A}{\376\377\000D\000a\000t\000a\000\040\000S\000c\000h\000e\000m\000a\000\040\000a\000n\000d\000\040\000G\000e\000n\000e\000r\000a\000t\000i\000o\000n}{}% 139
\BOOKMARK [1][-]{section.A.1}{\376\377\000O\000r\000d\000e\000r\000\040\000r\000e\000c\000o\000r\000d\000\040\000s\000c\000h\000e\000m\000a}{appendix.A}% 140
\BOOKMARK [1][-]{section.A.2}{\376\377\000G\000e\000n\000e\000r\000a\000t\000i\000o\000n\000\040\000p\000a\000r\000a\000m\000e\000t\000e\000r\000s}{appendix.A}% 141
\BOOKMARK [1][-]{section.A.3}{\376\377\000A\000r\000r\000i\000v\000a\000l\000\040\000p\000a\000t\000t\000e\000r\000n}{appendix.A}% 142
\BOOKMARK [1][-]{section.A.4}{\376\377\000P\000r\000o\000v\000e\000n\000a\000n\000c\000e\000\040\000s\000t\000a\000t\000e\000m\000e\000n\000t}{appendix.A}% 143
\BOOKMARK [0][-]{appendix.B}{\376\377\000S\000i\000m\000u\000l\000a\000t\000i\000o\000n\000\040\000M\000o\000d\000e\000l\000\040\000D\000e\000t\000a\000i\000l\000s}{}% 144
\BOOKMARK [1][-]{section.B.1}{\376\377\000W\000o\000r\000k\000l\000o\000a\000d\000\040\000m\000u\000l\000t\000i\000p\000l\000i\000e\000r\000s}{appendix.B}% 145
\BOOKMARK [1][-]{section.B.2}{\376\377\000S\000e\000r\000v\000i\000c\000e\000-\000t\000i\000m\000e\000\040\000p\000a\000r\000a\000m\000e\000t\000e\000r\000s}{appendix.B}% 146
\BOOKMARK [1][-]{section.B.3}{\376\377\000S\000e\000r\000v\000i\000c\000e\000-\000l\000e\000v\000e\000l\000\040\000a\000n\000d\000\040\000e\000c\000o\000n\000o\000m\000i\000c\000\040\000p\000a\000r\000a\000m\000e\000t\000e\000r\000s}{appendix.B}% 147
\BOOKMARK [1][-]{section.B.4}{\376\377\000S\000t\000r\000u\000c\000t\000u\000r\000a\000l\000\040\000a\000s\000s\000u\000m\000p\000t\000i\000o\000n\000s}{appendix.B}% 148
\BOOKMARK [1][-]{section.B.5}{\376\377\000S\000o\000f\000t\000w\000a\000r\000e\000\040\000e\000n\000v\000i\000r\000o\000n\000m\000e\000n\000t}{appendix.B}% 149
\BOOKMARK [0][-]{appendix.C}{\376\377\000R\000e\000i\000n\000f\000o\000r\000c\000e\000m\000e\000n\000t\000\040\000L\000e\000a\000r\000n\000i\000n\000g\000\040\000S\000p\000e\000c\000i\000f\000i\000c\000a\000t\000i\000o\000n}{}% 150
\BOOKMARK [1][-]{section.C.1}{\376\377\000A\000g\000e\000n\000t\000\040\000a\000r\000c\000h\000i\000t\000e\000c\000t\000u\000r\000e}{appendix.C}% 151
\BOOKMARK [1][-]{section.C.2}{\376\377\000S\000t\000a\000t\000e\000\040\000r\000e\000p\000r\000e\000s\000e\000n\000t\000a\000t\000i\000o\000n}{appendix.C}% 152
\BOOKMARK [1][-]{section.C.3}{\376\377\000A\000c\000t\000i\000o\000n\000\040\000s\000p\000a\000c\000e\000\040\000a\000n\000d\000\040\000d\000e\000c\000i\000s\000i\000o\000n\000\040\000p\000o\000i\000n\000t\000s}{appendix.C}% 153
\BOOKMARK [1][-]{section.C.4}{\376\377\000R\000e\000w\000a\000r\000d\000\040\000f\000u\000n\000c\000t\000i\000o\000n}{appendix.C}% 154
\BOOKMARK [1][-]{section.C.5}{\376\377\000T\000r\000a\000i\000n\000i\000n\000g\000\040\000c\000o\000n\000f\000i\000g\000u\000r\000a\000t\000i\000o\000n}{appendix.C}% 155
\BOOKMARK [1][-]{section.C.6}{\376\377\000T\000r\000a\000i\000n\000i\000n\000g\000\040\000p\000o\000o\000l\000\040\000a\000n\000d\000\040\000h\000o\000l\000d\000o\000u\000t}{appendix.C}% 156
\BOOKMARK [1][-]{section.C.7}{\376\377\000E\000v\000a\000l\000u\000a\000t\000i\000o\000n\000\040\000m\000o\000d\000e}{appendix.C}% 157
\BOOKMARK [1][-]{section.C.8}{\376\377\000A\000\040\000r\000e\000p\000r\000e\000s\000e\000n\000t\000a\000t\000i\000o\000n\000\040\000l\000i\000m\000i\000t\000a\000t\000i\000o\000n\000:\000\040\000f\000e\000a\000t\000u\000r\000e\000\040\000s\000a\000t\000u\000r\000a\000t\000i\000o\000n}{appendix.C}% 158
\BOOKMARK [1][-]{section.C.9}{\376\377\000C\000h\000e\000c\000k\000p\000o\000i\000n\000t\000\040\000s\000t\000a\000t\000u\000s}{appendix.C}% 159
\BOOKMARK [0][-]{appendix.D}{\376\377\000C\000o\000m\000p\000l\000e\000t\000e\000\040\000R\000e\000s\000u\000l\000t\000s}{}% 160
\BOOKMARK [1][-]{section.D.1}{\376\377\000R\000e\000t\000r\000o\000s\000p\000e\000c\000t\000i\000v\000e\000\040\000r\000u\000n\000:\000\040\000a\000l\000l\000\040\000c\000o\000n\000f\000i\000g\000u\000r\000a\000t\000i\000o\000n\000s}{appendix.D}% 161
\BOOKMARK [1][-]{section.D.2}{\376\377\000F\000o\000r\000e\000c\000a\000s\000t\000\040\000r\000u\000n\000:\000\040\000D\000e\000c\000e\000m\000b\000e\000r\000\040\000c\000a\000n\000d\000i\000d\000a\000t\000e\000s}{appendix.D}% 162
\BOOKMARK [0][-]{appendix.E}{\376\377\000V\000e\000r\000i\000f\000i\000c\000a\000t\000i\000o\000n\000,\000\040\000V\000a\000l\000i\000d\000a\000t\000i\000o\000n\000\040\000a\000n\000d\000\040\000R\000e\000p\000r\000o\000d\000u\000c\000i\000b\000i\000l\000i\000t\000y}{}% 163
\BOOKMARK [1][-]{section.E.1}{\376\377\000T\000h\000e\000\040\000w\000i\000t\000h\000i\000n\000-\000c\000l\000a\000s\000s\000\040\000o\000r\000d\000e\000r\000i\000n\000g\000\040\000c\000h\000e\000c\000k}{appendix.E}% 164
\BOOKMARK [1][-]{section.E.2}{\376\377\000O\000t\000h\000e\000r\000\040\000v\000e\000r\000i\000f\000i\000c\000a\000t\000i\000o\000n\000\040\000c\000h\000e\000c\000k\000s}{appendix.E}% 165
\BOOKMARK [1][-]{section.E.3}{\376\377\000V\000a\000l\000i\000d\000a\000t\000i\000o\000n}{appendix.E}% 166
\BOOKMARK [1][-]{section.E.4}{\376\377\000R\000e\000p\000r\000o\000d\000u\000c\000i\000b\000i\000l\000i\000t\000y}{appendix.E}% 167
\BOOKMARK [2][-]{subsection.E.4.1}{\376\377\000W\000h\000a\000t\000\040\000c\000a\000n\000\040\000b\000e\000\040\000r\000e\000p\000r\000o\000d\000u\000c\000e\000d}{section.E.4}% 168
\BOOKMARK [2][-]{subsection.E.4.2}{\376\377\000T\000h\000e\000\040\000c\000h\000e\000c\000k\000p\000o\000i\000n\000t\000\040\000l\000i\000m\000i\000t\000a\000t\000i\000o\000n}{section.E.4}% 169
\BOOKMARK [2][-]{subsection.E.4.3}{\376\377\000E\000n\000v\000i\000r\000o\000n\000m\000e\000n\000t}{section.E.4}% 170
\BOOKMARK [0][-]{appendix.F}{\376\377\000A\000d\000d\000i\000t\000i\000o\000n\000a\000l\000\040\000A\000n\000a\000l\000y\000s\000e\000s}{}% 171
\BOOKMARK [1][-]{section.F.1}{\376\377\000F\000e\000a\000s\000i\000b\000i\000l\000i\000t\000y\000\040\000b\000y\000\040\000m\000o\000n\000t\000h\000\040\000a\000n\000d\000\040\000p\000o\000l\000i\000c\000y}{appendix.F}% 172
\BOOKMARK [1][-]{section.F.2}{\376\377\000T\000h\000e\000\040\000e\000f\000f\000e\000c\000t\000\040\000o\000f\000\040\000w\000i\000t\000h\000i\000n\000-\000c\000l\000a\000s\000s\000\040\000o\000r\000d\000e\000r\000i\000n\000g\000\040\000o\000n\000\040\000w\000a\000i\000t\000i\000n\000g\000-\000t\000i\000m\000e\000\040\000t\000a\000i\000l\000s}{appendix.F}% 173
\BOOKMARK [1][-]{section.F.3}{\376\377\000B\000r\000e\000a\000k\000-\000e\000v\000e\000n\000\040\000a\000n\000a\000l\000y\000s\000i\000s\000\040\000f\000o\000r\000\040\000t\000h\000e\000\040\000m\000a\000r\000g\000i\000n\000a\000l\000\040\000F\000T\000E}{appendix.F}% 174
\BOOKMARK [1][-]{section.F.4}{\376\377\000R\000e\000c\000o\000n\000c\000i\000l\000i\000n\000g\000\040\000t\000h\000e\000\040\000s\000e\000l\000e\000c\000t\000i\000o\000n\000\040\000r\000u\000l\000e\000s}{appendix.F}% 175
